../Drivers/BSP/STM32C0xx_Nucleo/stm32c0xx_nucleo.c:108:9:BSP_GetVersion	8	static
../Drivers/BSP/STM32C0xx_Nucleo/stm32c0xx_nucleo.c:117:16:BSP_GetBoardName	8	static
../Drivers/BSP/STM32C0xx_Nucleo/stm32c0xx_nucleo.c:126:16:BSP_GetBoardID	8	static
../Drivers/BSP/STM32C0xx_Nucleo/stm32c0xx_nucleo.c:138:9:BSP_LED_Init	48	static
../Drivers/BSP/STM32C0xx_Nucleo/stm32c0xx_nucleo.c:169:9:BSP_LED_DeInit	40	static
../Drivers/BSP/STM32C0xx_Nucleo/stm32c0xx_nucleo.c:197:9:BSP_LED_On	24	static
../Drivers/BSP/STM32C0xx_Nucleo/stm32c0xx_nucleo.c:220:9:BSP_LED_Off	24	static
../Drivers/BSP/STM32C0xx_Nucleo/stm32c0xx_nucleo.c:243:9:BSP_LED_Toggle	24	static
../Drivers/BSP/STM32C0xx_Nucleo/stm32c0xx_nucleo.c:266:9:BSP_LED_GetState	24	static
../Drivers/BSP/STM32C0xx_Nucleo/stm32c0xx_nucleo.c:293:9:BSP_PB_Init	40	static
../Drivers/BSP/STM32C0xx_Nucleo/stm32c0xx_nucleo.c:338:9:BSP_PB_DeInit	48	static
../Drivers/BSP/STM32C0xx_Nucleo/stm32c0xx_nucleo.c:356:9:BSP_PB_GetState	16	static
../Drivers/BSP/STM32C0xx_Nucleo/stm32c0xx_nucleo.c:366:6:BSP_PB_IRQHandler	16	static
../Drivers/BSP/STM32C0xx_Nucleo/stm32c0xx_nucleo.c:376:13:BSP_PB_Callback	16	static
../Drivers/BSP/STM32C0xx_Nucleo/stm32c0xx_nucleo.c:394:9:BSP_COM_Init	24	static
../Drivers/BSP/STM32C0xx_Nucleo/stm32c0xx_nucleo.c:432:9:BSP_COM_DeInit	24	static
../Drivers/BSP/STM32C0xx_Nucleo/stm32c0xx_nucleo.c:465:26:MX_USART1_Init	16	static
../Drivers/BSP/STM32C0xx_Nucleo/stm32c0xx_nucleo.c:563:9:BSP_COM_SelectLogPort	16	static
../Drivers/BSP/STM32C0xx_Nucleo/stm32c0xx_nucleo.c:576:5:__io_putchar	16	static
../Drivers/BSP/STM32C0xx_Nucleo/stm32c0xx_nucleo.c:598:13:BUTTON_USER_EXTI_Callback	8	static
../Drivers/BSP/STM32C0xx_Nucleo/stm32c0xx_nucleo.c:609:13:COM1_MspInit	56	static
../Drivers/BSP/STM32C0xx_Nucleo/stm32c0xx_nucleo.c:643:13:COM1_MspDeInit	48	static
